../Core/Src/maze.c:34:6:InitWalls	448	static
../Core/Src/maze.c:84:6:DrawMaze	32	static
../Core/Src/maze.c:94:6:InitPoints	32	static
../Core/Src/maze.c:121:6:DrawPoints	24	static
../Core/Src/maze.c:133:6:IsPositionInWall	48	static
../Core/Src/maze.c:148:6:InitPacMan	16	static
../Core/Src/maze.c:162:6:DrawPacMan	96	static
../Core/Src/maze.c:233:6:DrawGameInfo	56	static
../Core/Src/maze.c:250:6:CheckPointsCollision	32	static
../Core/Src/maze.c:269:6:AllPointsEaten	16	static
../Core/Src/maze.c:280:6:ResetLevel	24	static
../Core/Src/maze.c:291:6:MovePacMan	40	static
../Core/Src/maze.c:395:6:InitGhosts	16	static
../Core/Src/maze.c:412:6:DrawGhost	64	static
../Core/Src/maze.c:481:6:DrawGhosts	16	static
../Core/Src/maze.c:488:6:DrawGhostsBlackTemporarily	32	static
../Core/Src/maze.c:501:11:GetBestGhostDirection	80	static
../Core/Src/maze.c:589:6:MoveGhost	40	static
../Core/Src/maze.c:675:6:MoveGhosts	24	static
../Core/Src/maze.c:683:6:ShowStartScreen	8	static
../Core/Src/maze.c:698:6:ShowGameOverScreen	40	static
../Core/Src/maze.c:718:6:InitGame	8	static
../Core/Src/maze.c:741:6:ReadSensors	32	static
